// Jest Snapshot v1, https://goo.gl/fbAQLP

exports[`DrupalkitSimpleOauth should request token with client credentials grant: request-payload 1`] = `"grant_type=client_credentials&client_id=12345678901234567890123456789012&client_secret=F9w1cM0GQw7GjjQUaZcscWHtxnMOvn4d"`;

exports[`DrupalkitSimpleOauth should request token with client credentials grant: token-response 1`] = `
{
  "access_token": "eyJ0eXAiOiJKV1QiLCJhbGciOiJSUzI1NiIsImp0aSI6IjZlN2ZiNmJiODNlNzZkOWIxOGU2MjAxZmZhYmY3YWFlZTE2OTZiOTMxZGFjOGQ0YTI4ODY0ZjJlZTI1ODA1MGYyZDAwZDE5NDYwNDAxMjY2In0.eyJhdWQiOiJtdm5wb2dJWU9zSngyQWw4YUdaemtIeTYzU3JJYVVvLU16d0pBSzhWU0lNIiwianRpIjoiNmU3ZmI2YmI4M2U3NmQ5YjE4ZTYyMDFmZmFiZjdhYWVlMTY5NmI5MzFkYWM4ZDRhMjg4NjRmMmVlMjU4MDUwZjJkMDBkMTk0NjA0MDEyNjYiLCJpYXQiOjE2Nzg4NjYzODksIm5iZiI6MTY3ODg2NjM4OSwiZXhwIjoxNjc4ODY2Njg5Ljk2MjIzMzEsInNjb3BlIjpbImFsbG93X2FsbCJdLCJzdWIiOiI0NSJ9.A6Ur4pciXtNSEl8mWEjW1DUll-zR4wSXjnS4FMnDHIV_mWclAQxgHuUexSYWnDASCpKC9TohqtSa2aPB_ymP2JhSaz9FTtYklFR2CmYz01HgZ83GGisNhvbdCx67CaWfluVS1fT-PFmut6fAUhbDWcQ7pt3sAZR4Rc6-iCWWe-lx5fnrli5S_egzuqJGj-NkoDg9s3yU6yvsPT8dObN-5Bl2qfU9VA21PYuWo89e-rm56mLexiuGUtPZHOa1hXGQ3WPEu3qlThtxaFgPyN4mFA0ql7JLV4Md2DrMcU8U598epro41KH9K6OvxOKbGFkQupXE-lODN0f3E4O_6Mr0Xk7YNtAna117fQEuoeAusJb024aZ-pxKNN2xjFUbesa6XvCNnkNKgDCaXWL4RWngD7lftYncsH6JoocqRgMmdzZGlf1A4fZtqaFs_DdC_JjjX2eyZZqVLv-wuJ04iGm3BXblUfBjaVx96tlhF30rfih9Cyu3psCzzoE7JLbqeAL6Vn6hQdZmZOyV_36-pOWEdZopy5tY2pZAmUAuUJFG40VEAGzh3dCuSVmni16f0OgQDS_ZpV0xCwEIc_UpkemY33EPVGU8zWWtztELVY6mAzEsR8xZwmtL8x4HadkU4wKoemos1KwwDM26tLR_x6K3H38aMl-M1PuCp2xkQg1gF_s",
  "expires_in": 300,
  "refresh_token": "def50200ca9707211ac5eee68c5acf9a84f169e0655580b3cfbadf479465d3cb26923cafdc827f459429b6445168c81903df56d2005df9212b63b712158a4b3e59db82c894bc9c88571e44dc8366b9951c5e11799b6b18fbb1eca8774986a6a161a8c4bebd6c604958bd123a3daef60adc2dd9e7acbf1c6003a5d1357a7c325da9b5123a8db4b1eed60abe7697019833359029d824599c799d5cd44ff4a21b3dc1f63b1ab96b958b77d91c2fde6c856762c47228cade0a2847c6c52abdd40ba960e1a53be4e5096489e73ecf143050c33c8ed63bd49d73ac56bf323fa970e77ba85faadf5896311cef5e2f3496f2a9851b48041d3b66227438f347e41726ac914467fd4f671b949f30c597a251e31b54811ab134f937f0df60c4b99819eb621fb3d110f07005354ea459e64b05d4642fa784d002b900047f63d8f55ca7cbbd4b1398e0ca1a6f2b76a1ec43a21072c4c3ba46846e7ae643682a7d8f4fa601de9febc854dd7f799323fccd4c4e94b5351022a6acbcb91462063707df028f9af39936ffe3a2a6127f5ce39b31260ff11c21fb43a8cd91fe4dff75",
  "token_type": "Bearer",
}
`;
